#-----------------------------------------------------------
# Vivado v2024.2 (64-bit)
# SW Build 5239630 on Fri Nov 08 22:34:34 MST 2024
# IP Build 5239520 on Sun Nov 10 16:12:51 MST 2024
# SharedData Build 5239561 on Fri Nov 08 14:39:27 MST 2024
# Start of session at: Thu Feb 12 18:22:46 2026
# Process ID         : 951988
# Current directory  : /afs/andrew.cmu.edu/usr15/kevinlu3/private/18240/Lab2/Change_Machine_Implementation/Change_Machine_Implementation.runs/synth_1
# Command line       : vivado -log ChipInterface.vds -product Vivado -mode batch -messageDb vivado.pb -notrace -source ChipInterface.tcl
# Log file           : /afs/andrew.cmu.edu/usr15/kevinlu3/private/18240/Lab2/Change_Machine_Implementation/Change_Machine_Implementation.runs/synth_1/ChipInterface.vds
# Journal file       : /afs/andrew.cmu.edu/usr15/kevinlu3/private/18240/Lab2/Change_Machine_Implementation/Change_Machine_Implementation.runs/synth_1/vivado.jou
# Running On         : hh-1305-02.lan.local.cmu.edu
# Platform           : RedHatEnterprise
# Operating System   : Red Hat Enterprise Linux release 8.10 (Ootpa)
# Processor Detail   : 12th Gen Intel(R) Core(TM) i7-12700
# CPU Frequency      : 2100.000 MHz
# CPU Physical cores : 12
# CPU Logical cores  : 20
# Host memory        : 33109 MB
# Swap memory        : 17179 MB
# Total Virtual      : 50289 MB
# Available Virtual  : 41555 MB
#-----------------------------------------------------------
source ChipInterface.tcl -notrace
